
PROGRAM "D:\Fer Stuf's\Galileo\6° Semestre\MICROPROCESADORES\Proyecto\SimonSays\bin\Project.abs"

*********************************************************************************************
TARGET SECTION
---------------------------------------------------------------------------------------------
Processor   : Freescale HC08
Memory Model: SMALL
File Format : ELF\DWARF 2.0
Linker      : SmartLinker V-5.0.37 Build 9279, Oct  7 2009

*********************************************************************************************
FILE SECTION
---------------------------------------------------------------------------------------------
main.c.o                                Model: SMALL,         Lang: ANSI-C
HEAP.C.o (ansiis.lib)                   Model: SMALL,         Lang: ANSI-C
RTSHC08.C.o (ansiis.lib)                Model: SMALL,         Lang: ANSI-C
STDLIB.C.o (ansiis.lib)                 Model: SMALL,         Lang: ANSI-C
ALLOC.C.o (ansiis.lib)                  Model: SMALL,         Lang: ANSI-C
MC9S08GB60.C.o                          Model: SMALL,         Lang: ANSI-C
Start08.c.o                             Model: SMALL,         Lang: ANSI-C

*********************************************************************************************
STARTUP SECTION
---------------------------------------------------------------------------------------------
Entry point: 0x18A7 (_Startup)
_startupData is allocated at 0x18B0 and uses 6 Bytes
extern struct _tagStartup {
  unsigned nofZeroOut     2
  _Range   pZeroOut       0x100     4
                          0x184     2004
  _Copy    *toCopyDownBeg 0x1F8A
} _startupData;

*********************************************************************************************
SECTION-ALLOCATION SECTION
Section Name                    Size  Type     From       To       Segment
---------------------------------------------------------------------------------------------
.data                              4   R/W      0x100      0x103   RAM
.stack                           128   R/W      0x104      0x183   RAM
.init                            132     R     0x182C     0x18AF   ROM
.startData                        18     R     0x18B0     0x18C1   ROM
.text                           1736     R     0x18C2     0x1F89   ROM
.copy                              7     R     0x1F8A     0x1F90   ROM
.abs_section_0                     1   N/I        0x0        0x0   .absSeg0
.abs_section_1                     1   N/I        0x1        0x1   .absSeg1
.abs_section_2                     1   N/I        0x2        0x2   .absSeg2
.abs_section_3                     1   N/I        0x3        0x3   .absSeg3
.abs_section_4                     1   N/I        0x4        0x4   .absSeg4
.abs_section_5                     1   N/I        0x5        0x5   .absSeg5
.abs_section_6                     1   N/I        0x6        0x6   .absSeg6
.abs_section_7                     1   N/I        0x7        0x7   .absSeg7
.abs_section_8                     1   N/I        0x8        0x8   .absSeg8
.abs_section_9                     1   N/I        0x9        0x9   .absSeg9
.abs_section_a                     1   N/I        0xA        0xA   .absSeg10
.abs_section_b                     1   N/I        0xB        0xB   .absSeg11
.abs_section_c                     1   N/I        0xC        0xC   .absSeg12
.abs_section_d                     1   N/I        0xD        0xD   .absSeg13
.abs_section_e                     1   N/I        0xE        0xE   .absSeg14
.abs_section_f                     1   N/I        0xF        0xF   .absSeg15
.abs_section_10                    1   N/I       0x10       0x10   .absSeg16
.abs_section_11                    1   N/I       0x11       0x11   .absSeg17
.abs_section_12                    1   N/I       0x12       0x12   .absSeg18
.abs_section_13                    1   N/I       0x13       0x13   .absSeg19
.abs_section_14                    1   N/I       0x14       0x14   .absSeg20
.abs_section_16                    1   N/I       0x16       0x16   .absSeg21
.abs_section_17                    1   N/I       0x17       0x17   .absSeg22
.abs_section_1a                    1   N/I       0x1A       0x1A   .absSeg23
.abs_section_1b                    1   N/I       0x1B       0x1B   .absSeg24
.abs_section_1c                    1   N/I       0x1C       0x1C   .absSeg25
.abs_section_1d                    1   N/I       0x1D       0x1D   .absSeg26
.abs_section_1e                    1   N/I       0x1E       0x1E   .absSeg27
.abs_section_1f                    1   N/I       0x1F       0x1F   .absSeg28
.abs_section_22                    1   N/I       0x22       0x22   .absSeg29
.abs_section_23                    1   N/I       0x23       0x23   .absSeg30
.abs_section_24                    1   N/I       0x24       0x24   .absSeg31
.abs_section_25                    1   N/I       0x25       0x25   .absSeg32
.abs_section_26                    1   N/I       0x26       0x26   .absSeg33
.abs_section_27                    1   N/I       0x27       0x27   .absSeg34
.abs_section_28                    1   N/I       0x28       0x28   .absSeg35
.abs_section_29                    1   N/I       0x29       0x29   .absSeg36
.abs_section_2a                    1   N/I       0x2A       0x2A   .absSeg37
.abs_section_2b                    1   N/I       0x2B       0x2B   .absSeg38
.abs_section_2d                    1   N/I       0x2D       0x2D   .absSeg39
.abs_section_30                    1   N/I       0x30       0x30   .absSeg40
.abs_section_35                    1   N/I       0x35       0x35   .absSeg41
.abs_section_38                    1   N/I       0x38       0x38   .absSeg42
.abs_section_3b                    1   N/I       0x3B       0x3B   .absSeg43
.abs_section_40                    1   N/I       0x40       0x40   .absSeg44
.abs_section_41                    1   N/I       0x41       0x41   .absSeg45
.abs_section_42                    1   N/I       0x42       0x42   .absSeg46
.abs_section_43                    1   N/I       0x43       0x43   .absSeg47
.abs_section_44                    1   N/I       0x44       0x44   .absSeg48
.abs_section_45                    1   N/I       0x45       0x45   .absSeg49
.abs_section_46                    1   N/I       0x46       0x46   .absSeg50
.abs_section_47                    1   N/I       0x47       0x47   .absSeg51
.abs_section_48                    1   N/I       0x48       0x48   .absSeg52
.abs_section_49                    1   N/I       0x49       0x49   .absSeg53
.abs_section_4a                    1   N/I       0x4A       0x4A   .absSeg54
.abs_section_4b                    1   N/I       0x4B       0x4B   .absSeg55
.abs_section_4e                    1   N/I       0x4E       0x4E   .absSeg56
.abs_section_50                    1   N/I       0x50       0x50   .absSeg57
.abs_section_51                    1   N/I       0x51       0x51   .absSeg58
.abs_section_54                    1   N/I       0x54       0x54   .absSeg59
.abs_section_58                    1   N/I       0x58       0x58   .absSeg60
.abs_section_59                    1   N/I       0x59       0x59   .absSeg61
.abs_section_5a                    1   N/I       0x5A       0x5A   .absSeg62
.abs_section_5b                    1   N/I       0x5B       0x5B   .absSeg63
.abs_section_5c                    1   N/I       0x5C       0x5C   .absSeg64
.abs_section_60                    1   N/I       0x60       0x60   .absSeg65
.abs_section_65                    1   N/I       0x65       0x65   .absSeg66
.abs_section_68                    1   N/I       0x68       0x68   .absSeg67
.abs_section_6b                    1   N/I       0x6B       0x6B   .absSeg68
.abs_section_6e                    1   N/I       0x6E       0x6E   .absSeg69
.abs_section_71                    1   N/I       0x71       0x71   .absSeg70
.abs_section_1800                  1   N/I     0x1800     0x1800   .absSeg71
.abs_section_1801                  1   N/I     0x1801     0x1801   .absSeg72
.abs_section_1802                  1   N/I     0x1802     0x1802   .absSeg73
.abs_section_1808                  1   N/I     0x1808     0x1808   .absSeg74
.abs_section_1809                  1   N/I     0x1809     0x1809   .absSeg75
.abs_section_180a                  1   N/I     0x180A     0x180A   .absSeg76
.abs_section_1810                  1   N/I     0x1810     0x1810   .absSeg77
.abs_section_1811                  1   N/I     0x1811     0x1811   .absSeg78
.abs_section_1812                  1   N/I     0x1812     0x1812   .absSeg79
.abs_section_1813                  1   N/I     0x1813     0x1813   .absSeg80
.abs_section_1816                  1   N/I     0x1816     0x1816   .absSeg81
.abs_section_1817                  1   N/I     0x1817     0x1817   .absSeg82
.abs_section_1818                  1   N/I     0x1818     0x1818   .absSeg83
.abs_section_1820                  1   N/I     0x1820     0x1820   .absSeg84
.abs_section_1821                  1   N/I     0x1821     0x1821   .absSeg85
.abs_section_1823                  1   N/I     0x1823     0x1823   .absSeg86
.abs_section_1824                  1   N/I     0x1824     0x1824   .absSeg87
.abs_section_1825                  1   N/I     0x1825     0x1825   .absSeg88
.abs_section_1826                  1   N/I     0x1826     0x1826   .absSeg89
.abs_section_18                    2   N/I       0x18       0x19   .absSeg90
.abs_section_20                    2   N/I       0x20       0x21   .absSeg91
.abs_section_31                    2   N/I       0x31       0x32   .absSeg92
.abs_section_33                    2   N/I       0x33       0x34   .absSeg93
.abs_section_36                    2   N/I       0x36       0x37   .absSeg94
.abs_section_39                    2   N/I       0x39       0x3A   .absSeg95
.abs_section_3c                    2   N/I       0x3C       0x3D   .absSeg96
.abs_section_4c                    2   N/I       0x4C       0x4D   .absSeg97
.abs_section_52                    2   N/I       0x52       0x53   .absSeg98
.abs_section_61                    2   N/I       0x61       0x62   .absSeg99
.abs_section_63                    2   N/I       0x63       0x64   .absSeg100
.abs_section_66                    2   N/I       0x66       0x67   .absSeg101
.abs_section_69                    2   N/I       0x69       0x6A   .absSeg102
.abs_section_6c                    2   N/I       0x6C       0x6D   .absSeg103
.abs_section_6f                    2   N/I       0x6F       0x70   .absSeg104
.abs_section_72                    2   N/I       0x72       0x73   .absSeg105
.abs_section_1806                  2   N/I     0x1806     0x1807   .absSeg106
.abs_section_1814                  2   N/I     0x1814     0x1815   .absSeg107
.bss                               4   R/W      0x184      0x187   RAM
HEAP_SEGMENT                    2000   R/W      0x188      0x957   RAM
.vectSeg108_vect                   2     R     0xFFFE     0xFFFF   .vectSeg108

Summary of section sizes per section type:
READ_ONLY (R):         767 (dec:     1895)
READ_WRITE (R/W):      858 (dec:     2136)
NO_INIT (N/I):          7E (dec:      126)

*********************************************************************************************
VECTOR-ALLOCATION SECTION
    Address     InitValue   InitFunction
---------------------------------------------------------------------------------------------
     0xFFFE        0x18A7   _Startup

*********************************************************************************************
OBJECT-ALLOCATION SECTION
     Name               Module                 Addr   hSize   dSize     Ref    Section   RLIB
---------------------------------------------------------------------------------------------
MODULE:                 -- main.c.o --
- PROCEDURES:
     msDelay                                   18C2      2C      44       3   .text       
     LCDSend                                   18EE       5       5       1   .text       
     LCDCommand                                18F3      29      41       3   .text       
     LCDinit                                   191C      4E      78       1   .text       
     config                                    196A      13      19       1   .text       
     symonSequency                             197D      33      51       1   .text       
     showGame                                  19B0      38      56       1   .text       
     main                                      19E8      1C      28       1   .text       
- VARIABLES:
MODULE:                 -- HEAP.C.o (ansiis.lib) --
- PROCEDURES:
     _heapcrash_                               1A04      16      22       1   .text       
- VARIABLES:
     _heap_                                     188     7D0    2000       1   HEAP_SEGMENT
MODULE:                 -- RTSHC08.C.o (ansiis.lib) --
- PROCEDURES:
     _PUSH_ARGS_L                              1A1A      20      32       2   .text       
     _ENTER_BINARY_L                           1A3A      16      22       1   .text       
     _ENTER_BINARY_L_RC                        1A50      19      25       5   .text       
     _IDIVMOD                                  1A69      69     105       2   .text       
     _SPLITSIGN                                1AD2      1C      28       2   .text       
     _LADD_k_is_k_plus_j                       1AEE      1F      31       1   .text       
     _k_is_k_plus_j_l                          1B0D      1E      30       2   .text       
     _k_is_k_plus_j_i                          1B2B      12      18       3   .text       
     _LSUB_k_is_k_minus_j                      1B3D      1F      31       1   .text       
     _LMUL_k_is_k_mul_j                        1B5C      81     129       1   .text       
     _LDIVMOD                                  1BDD      A4     164       2   .text       
     _NEG_L_HX                                 1C81      13      19       3   .text       
     _ABS_L_HX                                 1C94       6       6       2   .text       
     _SPLITSIGN_L                              1C9A       A      10       2   .text       
     _LMODS_k_is_k_mod_j                       1CA4      18      24       1   .text       
     _LDIVS_k_is_k_div_j                       1CBC      27      39       1   .text       
     _LCMP_k_rel_j                             1CE3      1F      31       1   .text       
     _IMUL_STAR08                              1D02      27      39       2   .text       
     _IDIVS_STAR08                             1D29      1B      27       1   .text       
     _IDIVU_STAR08                             1D44       D      13       1   .text       
     _IMODS_STAR08                             1D51      25      37       1   .text       
     _LADD_RC                                  1D76       6       6       1   .text       
     _LSUB                                     1D7C       6       6       1   .text       
     _LMUL_RC                                  1D82       6       6       2   .text       
     _LDIVS_RC                                 1D88       6       6       1   .text       
     _LMODS_RC                                 1D8E       6       6       1   .text       
     _LCMP_RC                                  1D94       6       6       1   .text       
     _POP32                                    1D9A      1A      26       4   .text       
     _Jump_Table_Header_Offset                 1DB4      24      36       1   .text       
- VARIABLES:
MODULE:                 -- STDLIB.C.o (ansiis.lib) --
- PROCEDURES:
     rand                                      1DD8      6B     107       1   .text       
- VARIABLES:
     seed                                       100       4       4       7   .data       
MODULE:                 -- ALLOC.C.o (ansiis.lib) --
- PROCEDURES:
     malloc                                    1E43     147     327       5   .text       
- VARIABLES:
     heap_end                                   184       2       2       2   .bss        
     free_ptr                                   186       2       2       5   .bss        
MODULE:                 -- MC9S08GB60.C.o --
- PROCEDURES:
- VARIABLES:
     _PTAD                                        0       1       1       0   .abs_section_0
     _PTAPE                                       1       1       1       0   .abs_section_1
     _PTASE                                       2       1       1       0   .abs_section_2
     _PTADD                                       3       1       1       4   .abs_section_3
     _PTBD                                        4       1       1       0   .abs_section_4
     _PTBPE                                       5       1       1       0   .abs_section_5
     _PTBSE                                       6       1       1       0   .abs_section_6
     _PTBDD                                       7       1       1       0   .abs_section_7
     _PTCD                                        8       1       1       0   .abs_section_8
     _PTCPE                                       9       1       1       0   .abs_section_9
     _PTCSE                                       A       1       1       0   .abs_section_a
     _PTCDD                                       B       1       1       0   .abs_section_b
     _PTDD                                        C       1       1       0   .abs_section_c
     _PTDPE                                       D       1       1       0   .abs_section_d
     _PTDSE                                       E       1       1       0   .abs_section_e
     _PTDDD                                       F       1       1       0   .abs_section_f
     _PTED                                       10       1       1       5   .abs_section_10
     _PTEPE                                      11       1       1       0   .abs_section_11
     _PTESE                                      12       1       1       0   .abs_section_12
     _PTEDD                                      13       1       1       2   .abs_section_13
     _IRQSC                                      14       1       1       0   .abs_section_14
     _KBI1SC                                     16       1       1       0   .abs_section_16
     _KBI1PE                                     17       1       1       0   .abs_section_17
     _SCI1C1                                     1A       1       1       0   .abs_section_1a
     _SCI1C2                                     1B       1       1       0   .abs_section_1b
     _SCI1S1                                     1C       1       1       0   .abs_section_1c
     _SCI1S2                                     1D       1       1       0   .abs_section_1d
     _SCI1C3                                     1E       1       1       0   .abs_section_1e
     _SCI1D                                      1F       1       1       0   .abs_section_1f
     _SCI2C1                                     22       1       1       0   .abs_section_22
     _SCI2C2                                     23       1       1       0   .abs_section_23
     _SCI2S1                                     24       1       1       0   .abs_section_24
     _SCI2S2                                     25       1       1       0   .abs_section_25
     _SCI2C3                                     26       1       1       0   .abs_section_26
     _SCI2D                                      27       1       1       0   .abs_section_27
     _SPI1C1                                     28       1       1       0   .abs_section_28
     _SPI1C2                                     29       1       1       0   .abs_section_29
     _SPI1BR                                     2A       1       1       0   .abs_section_2a
     _SPI1S                                      2B       1       1       0   .abs_section_2b
     _SPI1D                                      2D       1       1       0   .abs_section_2d
     _TPM1SC                                     30       1       1       0   .abs_section_30
     _TPM1C0SC                                   35       1       1       0   .abs_section_35
     _TPM1C1SC                                   38       1       1       0   .abs_section_38
     _TPM1C2SC                                   3B       1       1       0   .abs_section_3b
     _PTFD                                       40       1       1       4   .abs_section_40
     _PTFPE                                      41       1       1       0   .abs_section_41
     _PTFSE                                      42       1       1       0   .abs_section_42
     _PTFDD                                      43       1       1       4   .abs_section_43
     _PTGD                                       44       1       1       6   .abs_section_44
     _PTGPE                                      45       1       1       0   .abs_section_45
     _PTGSE                                      46       1       1       0   .abs_section_46
     _PTGDD                                      47       1       1       3   .abs_section_47
     _ICGC1                                      48       1       1       0   .abs_section_48
     _ICGC2                                      49       1       1       0   .abs_section_49
     _ICGS1                                      4A       1       1       0   .abs_section_4a
     _ICGS2                                      4B       1       1       0   .abs_section_4b
     _ICGTRM                                     4E       1       1       0   .abs_section_4e
     _ATD1C                                      50       1       1       0   .abs_section_50
     _ATD1SC                                     51       1       1       0   .abs_section_51
     _ATD1PE                                     54       1       1       0   .abs_section_54
     _IIC1A                                      58       1       1       0   .abs_section_58
     _IIC1F                                      59       1       1       0   .abs_section_59
     _IIC1C                                      5A       1       1       0   .abs_section_5a
     _IIC1S                                      5B       1       1       0   .abs_section_5b
     _IIC1D                                      5C       1       1       0   .abs_section_5c
     _TPM2SC                                     60       1       1       0   .abs_section_60
     _TPM2C0SC                                   65       1       1       0   .abs_section_65
     _TPM2C1SC                                   68       1       1       0   .abs_section_68
     _TPM2C2SC                                   6B       1       1       0   .abs_section_6b
     _TPM2C3SC                                   6E       1       1       0   .abs_section_6e
     _TPM2C4SC                                   71       1       1       0   .abs_section_71
     _SRS                                      1800       1       1       0   .abs_section_1800
     _SBDFR                                    1801       1       1       0   .abs_section_1801
     _SOPT                                     1802       1       1       0   .abs_section_1802
     _SRTISC                                   1808       1       1       0   .abs_section_1808
     _SPMSC1                                   1809       1       1       0   .abs_section_1809
     _SPMSC2                                   180A       1       1       0   .abs_section_180a
     _DBGCAH                                   1810       1       1       0   .abs_section_1810
     _DBGCAL                                   1811       1       1       0   .abs_section_1811
     _DBGCBH                                   1812       1       1       0   .abs_section_1812
     _DBGCBL                                   1813       1       1       0   .abs_section_1813
     _DBGC                                     1816       1       1       0   .abs_section_1816
     _DBGT                                     1817       1       1       0   .abs_section_1817
     _DBGS                                     1818       1       1       0   .abs_section_1818
     _FCDIV                                    1820       1       1       0   .abs_section_1820
     _FOPT                                     1821       1       1       0   .abs_section_1821
     _FCNFG                                    1823       1       1       0   .abs_section_1823
     _FPROT                                    1824       1       1       0   .abs_section_1824
     _FSTAT                                    1825       1       1       0   .abs_section_1825
     _FCMD                                     1826       1       1       0   .abs_section_1826
     _SCI1BD                                     18       2       2       0   .abs_section_18
     _SCI2BD                                     20       2       2       0   .abs_section_20
     _TPM1CNT                                    31       2       2       0   .abs_section_31
     _TPM1MOD                                    33       2       2       0   .abs_section_33
     _TPM1C0V                                    36       2       2       0   .abs_section_36
     _TPM1C1V                                    39       2       2       0   .abs_section_39
     _TPM1C2V                                    3C       2       2       0   .abs_section_3c
     _ICGFLT                                     4C       2       2       0   .abs_section_4c
     _ATD1R                                      52       2       2       0   .abs_section_52
     _TPM2CNT                                    61       2       2       0   .abs_section_61
     _TPM2MOD                                    63       2       2       0   .abs_section_63
     _TPM2C0V                                    66       2       2       0   .abs_section_66
     _TPM2C1V                                    69       2       2       0   .abs_section_69
     _TPM2C2V                                    6C       2       2       0   .abs_section_6c
     _TPM2C3V                                    6F       2       2       0   .abs_section_6f
     _TPM2C4V                                    72       2       2       0   .abs_section_72
     _SDID                                     1806       2       2       0   .abs_section_1806
     _DBGF                                     1814       2       2       0   .abs_section_1814
MODULE:                 -- Start08.c.o --
- PROCEDURES:
     loadByte                                  182C       E      14       5   .init       
     Init                                      183A      6D     109       1   .init       
     _Startup                                  18A7       9       9       0   .init       
- VARIABLES:
     _startupData                              18B0       6       6       4   .startData  
- LABELS:
     __SEG_END_SSTACK                           184       0       0       1               

*********************************************************************************************
MODULE STATISTIC
  Name                                      Data   Code  Const
---------------------------------------------------------------------------------------------
  main.c.o                                     0    322      0
  HEAP.C.o (ansiis.lib)                     2000     22      0
  RTSHC08.C.o (ansiis.lib)                     0    958      0
  STDLIB.C.o (ansiis.lib)                      4    107      0
  ALLOC.C.o (ansiis.lib)                       4    327      0
  MC9S08GB60.C.o                             126      0      0
  Start08.c.o                                  0    132      0
  other                                      128     20      7

*********************************************************************************************
SECTION USE IN OBJECT-ALLOCATION SECTION
---------------------------------------------------------------------------------------------
SECTION: ".text"
  msDelay LCDSend LCDCommand LCDinit config symonSequency showGame main 
  _heapcrash_ _PUSH_ARGS_L _ENTER_BINARY_L _ENTER_BINARY_L_RC _IDIVMOD 
  _SPLITSIGN _LADD_k_is_k_plus_j _k_is_k_plus_j_l _k_is_k_plus_j_i 
  _LSUB_k_is_k_minus_j _LMUL_k_is_k_mul_j _LDIVMOD _NEG_L_HX _ABS_L_HX 
  _SPLITSIGN_L _LMODS_k_is_k_mod_j _LDIVS_k_is_k_div_j _LCMP_k_rel_j 
  _IMUL_STAR08 _IDIVS_STAR08 _IDIVU_STAR08 _IMODS_STAR08 _LADD_RC _LSUB 
  _LMUL_RC _LDIVS_RC _LMODS_RC _LCMP_RC _POP32 _Jump_Table_Header_Offset rand 
  malloc 
SECTION: ".data"
  seed 
SECTION: ".bss"
  heap_end free_ptr 
SECTION: ".init"
  loadByte Init _Startup 
SECTION: "HEAP_SEGMENT"
  _heap_ 
SECTION: ".abs_section_0"
  _PTAD 
SECTION: ".abs_section_1"
  _PTAPE 
SECTION: ".abs_section_2"
  _PTASE 
SECTION: ".abs_section_3"
  _PTADD 
SECTION: ".abs_section_4"
  _PTBD 
SECTION: ".abs_section_5"
  _PTBPE 
SECTION: ".abs_section_6"
  _PTBSE 
SECTION: ".abs_section_7"
  _PTBDD 
SECTION: ".abs_section_8"
  _PTCD 
SECTION: ".abs_section_9"
  _PTCPE 
SECTION: ".abs_section_a"
  _PTCSE 
SECTION: ".abs_section_b"
  _PTCDD 
SECTION: ".abs_section_c"
  _PTDD 
SECTION: ".abs_section_d"
  _PTDPE 
SECTION: ".abs_section_e"
  _PTDSE 
SECTION: ".abs_section_f"
  _PTDDD 
SECTION: ".abs_section_10"
  _PTED 
SECTION: ".abs_section_11"
  _PTEPE 
SECTION: ".abs_section_12"
  _PTESE 
SECTION: ".abs_section_13"
  _PTEDD 
SECTION: ".abs_section_14"
  _IRQSC 
SECTION: ".abs_section_16"
  _KBI1SC 
SECTION: ".abs_section_17"
  _KBI1PE 
SECTION: ".abs_section_1a"
  _SCI1C1 
SECTION: ".abs_section_1b"
  _SCI1C2 
SECTION: ".abs_section_1c"
  _SCI1S1 
SECTION: ".abs_section_1d"
  _SCI1S2 
SECTION: ".abs_section_1e"
  _SCI1C3 
SECTION: ".abs_section_1f"
  _SCI1D 
SECTION: ".abs_section_22"
  _SCI2C1 
SECTION: ".abs_section_23"
  _SCI2C2 
SECTION: ".abs_section_24"
  _SCI2S1 
SECTION: ".abs_section_25"
  _SCI2S2 
SECTION: ".abs_section_26"
  _SCI2C3 
SECTION: ".abs_section_27"
  _SCI2D 
SECTION: ".abs_section_28"
  _SPI1C1 
SECTION: ".abs_section_29"
  _SPI1C2 
SECTION: ".abs_section_2a"
  _SPI1BR 
SECTION: ".abs_section_2b"
  _SPI1S 
SECTION: ".abs_section_2d"
  _SPI1D 
SECTION: ".abs_section_30"
  _TPM1SC 
SECTION: ".abs_section_35"
  _TPM1C0SC 
SECTION: ".abs_section_38"
  _TPM1C1SC 
SECTION: ".abs_section_3b"
  _TPM1C2SC 
SECTION: ".abs_section_40"
  _PTFD 
SECTION: ".abs_section_41"
  _PTFPE 
SECTION: ".abs_section_42"
  _PTFSE 
SECTION: ".abs_section_43"
  _PTFDD 
SECTION: ".abs_section_44"
  _PTGD 
SECTION: ".abs_section_45"
  _PTGPE 
SECTION: ".abs_section_46"
  _PTGSE 
SECTION: ".abs_section_47"
  _PTGDD 
SECTION: ".abs_section_48"
  _ICGC1 
SECTION: ".abs_section_49"
  _ICGC2 
SECTION: ".abs_section_4a"
  _ICGS1 
SECTION: ".abs_section_4b"
  _ICGS2 
SECTION: ".abs_section_4e"
  _ICGTRM 
SECTION: ".abs_section_50"
  _ATD1C 
SECTION: ".abs_section_51"
  _ATD1SC 
SECTION: ".abs_section_54"
  _ATD1PE 
SECTION: ".abs_section_58"
  _IIC1A 
SECTION: ".abs_section_59"
  _IIC1F 
SECTION: ".abs_section_5a"
  _IIC1C 
SECTION: ".abs_section_5b"
  _IIC1S 
SECTION: ".abs_section_5c"
  _IIC1D 
SECTION: ".abs_section_60"
  _TPM2SC 
SECTION: ".abs_section_65"
  _TPM2C0SC 
SECTION: ".abs_section_68"
  _TPM2C1SC 
SECTION: ".abs_section_6b"
  _TPM2C2SC 
SECTION: ".abs_section_6e"
  _TPM2C3SC 
SECTION: ".abs_section_71"
  _TPM2C4SC 
SECTION: ".abs_section_1800"
  _SRS 
SECTION: ".abs_section_1801"
  _SBDFR 
SECTION: ".abs_section_1802"
  _SOPT 
SECTION: ".abs_section_1808"
  _SRTISC 
SECTION: ".abs_section_1809"
  _SPMSC1 
SECTION: ".abs_section_180a"
  _SPMSC2 
SECTION: ".abs_section_1810"
  _DBGCAH 
SECTION: ".abs_section_1811"
  _DBGCAL 
SECTION: ".abs_section_1812"
  _DBGCBH 
SECTION: ".abs_section_1813"
  _DBGCBL 
SECTION: ".abs_section_1816"
  _DBGC 
SECTION: ".abs_section_1817"
  _DBGT 
SECTION: ".abs_section_1818"
  _DBGS 
SECTION: ".abs_section_1820"
  _FCDIV 
SECTION: ".abs_section_1821"
  _FOPT 
SECTION: ".abs_section_1823"
  _FCNFG 
SECTION: ".abs_section_1824"
  _FPROT 
SECTION: ".abs_section_1825"
  _FSTAT 
SECTION: ".abs_section_1826"
  _FCMD 
SECTION: ".abs_section_18"
  _SCI1BD 
SECTION: ".abs_section_20"
  _SCI2BD 
SECTION: ".abs_section_31"
  _TPM1CNT 
SECTION: ".abs_section_33"
  _TPM1MOD 
SECTION: ".abs_section_36"
  _TPM1C0V 
SECTION: ".abs_section_39"
  _TPM1C1V 
SECTION: ".abs_section_3c"
  _TPM1C2V 
SECTION: ".abs_section_4c"
  _ICGFLT 
SECTION: ".abs_section_52"
  _ATD1R 
SECTION: ".abs_section_61"
  _TPM2CNT 
SECTION: ".abs_section_63"
  _TPM2MOD 
SECTION: ".abs_section_66"
  _TPM2C0V 
SECTION: ".abs_section_69"
  _TPM2C1V 
SECTION: ".abs_section_6c"
  _TPM2C2V 
SECTION: ".abs_section_6f"
  _TPM2C3V 
SECTION: ".abs_section_72"
  _TPM2C4V 
SECTION: ".abs_section_1806"
  _SDID 
SECTION: ".abs_section_1814"
  _DBGF 

*********************************************************************************************
OBJECT LIST SORTED BY ADDRESS
     Name                                      Addr   hSize   dSize     Ref    Section   RLIB
---------------------------------------------------------------------------------------------
     _PTAD                                        0       1       1       0   .abs_section_0
     _PTAPE                                       1       1       1       0   .abs_section_1
     _PTASE                                       2       1       1       0   .abs_section_2
     _PTADD                                       3       1       1       4   .abs_section_3
     _PTBD                                        4       1       1       0   .abs_section_4
     _PTBPE                                       5       1       1       0   .abs_section_5
     _PTBSE                                       6       1       1       0   .abs_section_6
     _PTBDD                                       7       1       1       0   .abs_section_7
     _PTCD                                        8       1       1       0   .abs_section_8
     _PTCPE                                       9       1       1       0   .abs_section_9
     _PTCSE                                       A       1       1       0   .abs_section_a
     _PTCDD                                       B       1       1       0   .abs_section_b
     _PTDD                                        C       1       1       0   .abs_section_c
     _PTDPE                                       D       1       1       0   .abs_section_d
     _PTDSE                                       E       1       1       0   .abs_section_e
     _PTDDD                                       F       1       1       0   .abs_section_f
     _PTED                                       10       1       1       5   .abs_section_10
     _PTEPE                                      11       1       1       0   .abs_section_11
     _PTESE                                      12       1       1       0   .abs_section_12
     _PTEDD                                      13       1       1       2   .abs_section_13
     _IRQSC                                      14       1       1       0   .abs_section_14
     _KBI1SC                                     16       1       1       0   .abs_section_16
     _KBI1PE                                     17       1       1       0   .abs_section_17
     _SCI1BD                                     18       2       2       0   .abs_section_18
     _SCI1C1                                     1A       1       1       0   .abs_section_1a
     _SCI1C2                                     1B       1       1       0   .abs_section_1b
     _SCI1S1                                     1C       1       1       0   .abs_section_1c
     _SCI1S2                                     1D       1       1       0   .abs_section_1d
     _SCI1C3                                     1E       1       1       0   .abs_section_1e
     _SCI1D                                      1F       1       1       0   .abs_section_1f
     _SCI2BD                                     20       2       2       0   .abs_section_20
     _SCI2C1                                     22       1       1       0   .abs_section_22
     _SCI2C2                                     23       1       1       0   .abs_section_23
     _SCI2S1                                     24       1       1       0   .abs_section_24
     _SCI2S2                                     25       1       1       0   .abs_section_25
     _SCI2C3                                     26       1       1       0   .abs_section_26
     _SCI2D                                      27       1       1       0   .abs_section_27
     _SPI1C1                                     28       1       1       0   .abs_section_28
     _SPI1C2                                     29       1       1       0   .abs_section_29
     _SPI1BR                                     2A       1       1       0   .abs_section_2a
     _SPI1S                                      2B       1       1       0   .abs_section_2b
     _SPI1D                                      2D       1       1       0   .abs_section_2d
     _TPM1SC                                     30       1       1       0   .abs_section_30
     _TPM1CNT                                    31       2       2       0   .abs_section_31
     _TPM1MOD                                    33       2       2       0   .abs_section_33
     _TPM1C0SC                                   35       1       1       0   .abs_section_35
     _TPM1C0V                                    36       2       2       0   .abs_section_36
     _TPM1C1SC                                   38       1       1       0   .abs_section_38
     _TPM1C1V                                    39       2       2       0   .abs_section_39
     _TPM1C2SC                                   3B       1       1       0   .abs_section_3b
     _TPM1C2V                                    3C       2       2       0   .abs_section_3c
     _PTFD                                       40       1       1       4   .abs_section_40
     _PTFPE                                      41       1       1       0   .abs_section_41
     _PTFSE                                      42       1       1       0   .abs_section_42
     _PTFDD                                      43       1       1       4   .abs_section_43
     _PTGD                                       44       1       1       6   .abs_section_44
     _PTGPE                                      45       1       1       0   .abs_section_45
     _PTGSE                                      46       1       1       0   .abs_section_46
     _PTGDD                                      47       1       1       3   .abs_section_47
     _ICGC1                                      48       1       1       0   .abs_section_48
     _ICGC2                                      49       1       1       0   .abs_section_49
     _ICGS1                                      4A       1       1       0   .abs_section_4a
     _ICGS2                                      4B       1       1       0   .abs_section_4b
     _ICGFLT                                     4C       2       2       0   .abs_section_4c
     _ICGTRM                                     4E       1       1       0   .abs_section_4e
     _ATD1C                                      50       1       1       0   .abs_section_50
     _ATD1SC                                     51       1       1       0   .abs_section_51
     _ATD1R                                      52       2       2       0   .abs_section_52
     _ATD1PE                                     54       1       1       0   .abs_section_54
     _IIC1A                                      58       1       1       0   .abs_section_58
     _IIC1F                                      59       1       1       0   .abs_section_59
     _IIC1C                                      5A       1       1       0   .abs_section_5a
     _IIC1S                                      5B       1       1       0   .abs_section_5b
     _IIC1D                                      5C       1       1       0   .abs_section_5c
     _TPM2SC                                     60       1       1       0   .abs_section_60
     _TPM2CNT                                    61       2       2       0   .abs_section_61
     _TPM2MOD                                    63       2       2       0   .abs_section_63
     _TPM2C0SC                                   65       1       1       0   .abs_section_65
     _TPM2C0V                                    66       2       2       0   .abs_section_66
     _TPM2C1SC                                   68       1       1       0   .abs_section_68
     _TPM2C1V                                    69       2       2       0   .abs_section_69
     _TPM2C2SC                                   6B       1       1       0   .abs_section_6b
     _TPM2C2V                                    6C       2       2       0   .abs_section_6c
     _TPM2C3SC                                   6E       1       1       0   .abs_section_6e
     _TPM2C3V                                    6F       2       2       0   .abs_section_6f
     _TPM2C4SC                                   71       1       1       0   .abs_section_71
     _TPM2C4V                                    72       2       2       0   .abs_section_72
     seed                                       100       4       4       7   .data       
     heap_end                                   184       2       2       2   .bss        
     free_ptr                                   186       2       2       5   .bss        
     _heap_                                     188     7D0    2000       1   HEAP_SEGMENT
     _SRS                                      1800       1       1       0   .abs_section_1800
     _SBDFR                                    1801       1       1       0   .abs_section_1801
     _SOPT                                     1802       1       1       0   .abs_section_1802
     _SDID                                     1806       2       2       0   .abs_section_1806
     _SRTISC                                   1808       1       1       0   .abs_section_1808
     _SPMSC1                                   1809       1       1       0   .abs_section_1809
     _SPMSC2                                   180A       1       1       0   .abs_section_180a
     _DBGCAH                                   1810       1       1       0   .abs_section_1810
     _DBGCAL                                   1811       1       1       0   .abs_section_1811
     _DBGCBH                                   1812       1       1       0   .abs_section_1812
     _DBGCBL                                   1813       1       1       0   .abs_section_1813
     _DBGF                                     1814       2       2       0   .abs_section_1814
     _DBGC                                     1816       1       1       0   .abs_section_1816
     _DBGT                                     1817       1       1       0   .abs_section_1817
     _DBGS                                     1818       1       1       0   .abs_section_1818
     _FCDIV                                    1820       1       1       0   .abs_section_1820
     _FOPT                                     1821       1       1       0   .abs_section_1821
     _FCNFG                                    1823       1       1       0   .abs_section_1823
     _FPROT                                    1824       1       1       0   .abs_section_1824
     _FSTAT                                    1825       1       1       0   .abs_section_1825
     _FCMD                                     1826       1       1       0   .abs_section_1826
     loadByte                                  182C       E      14       5   .init       
     Init                                      183A      6D     109       1   .init       
     _Startup                                  18A7       9       9       0   .init       
     msDelay                                   18C2      2C      44       3   .text       
     LCDSend                                   18EE       5       5       1   .text       
     LCDCommand                                18F3      29      41       3   .text       
     LCDinit                                   191C      4E      78       1   .text       
     config                                    196A      13      19       1   .text       
     symonSequency                             197D      33      51       1   .text       
     showGame                                  19B0      38      56       1   .text       
     main                                      19E8      1C      28       1   .text       
     _heapcrash_                               1A04      16      22       1   .text       
     _PUSH_ARGS_L                              1A1A      20      32       2   .text       
     _ENTER_BINARY_L                           1A3A      16      22       1   .text       
     _ENTER_BINARY_L_RC                        1A50      19      25       5   .text       
     _IDIVMOD                                  1A69      69     105       2   .text       
     _SPLITSIGN                                1AD2      1C      28       2   .text       
     _LADD_k_is_k_plus_j                       1AEE      1F      31       1   .text       
     _k_is_k_plus_j_l                          1B0D      1E      30       2   .text       
     _k_is_k_plus_j_i                          1B2B      12      18       3   .text       
     _LSUB_k_is_k_minus_j                      1B3D      1F      31       1   .text       
     _LMUL_k_is_k_mul_j                        1B5C      81     129       1   .text       
     _LDIVMOD                                  1BDD      A4     164       2   .text       
     _NEG_L_HX                                 1C81      13      19       3   .text       
     _ABS_L_HX                                 1C94       6       6       2   .text       
     _SPLITSIGN_L                              1C9A       A      10       2   .text       
     _LMODS_k_is_k_mod_j                       1CA4      18      24       1   .text       
     _LDIVS_k_is_k_div_j                       1CBC      27      39       1   .text       
     _LCMP_k_rel_j                             1CE3      1F      31       1   .text       
     _IMUL_STAR08                              1D02      27      39       2   .text       
     _IDIVS_STAR08                             1D29      1B      27       1   .text       
     _IDIVU_STAR08                             1D44       D      13       1   .text       
     _IMODS_STAR08                             1D51      25      37       1   .text       
     _LADD_RC                                  1D76       6       6       1   .text       
     _LSUB                                     1D7C       6       6       1   .text       
     _LMUL_RC                                  1D82       6       6       2   .text       
     _LDIVS_RC                                 1D88       6       6       1   .text       
     _LMODS_RC                                 1D8E       6       6       1   .text       
     _LCMP_RC                                  1D94       6       6       1   .text       
     _POP32                                    1D9A      1A      26       4   .text       
     _Jump_Table_Header_Offset                 1DB4      24      36       1   .text       
     rand                                      1DD8      6B     107       1   .text       
     malloc                                    1E43     147     327       5   .text       

*********************************************************************************************
UNUSED-OBJECTS SECTION
---------------------------------------------------------------------------------------------
NOT USED PROCEDURES
main.c.o:
  LCDputchar LCDClearScreen waitKey 
RTSHC08.C.o (ansiis.lib):
  _PUSH_ARGS_D _ENTER_UNARY_L _ENTER_UNARY_L64 _ENTER_UNARY_L64_4 
  _ENTER_BINARY_L_LC _ENTER_BINARY_L64 _ENTER_BINARY_L64_LC 
  _ENTER_BINARY_L64_RC _LAND_k_is_k_and_j _LOR_k_is_k_or_j _LXOR_k_is_k_xor_j 
  _LMODU_k_is_k_mod_j _LDIVU_k_is_k_div_j _CMP24_k_rel_j _BMULS _BDIVS _BMODS 
  _IMODU_STAR08 _IDIVU_8 _IMODU_8 _IASR _ILSR _ILSL _ICMP _LINC _LDEC _LNEG 
  _LNOT _LADD _LSUB_LC _LSUB_RC _LAND _LAND_RC _LOR _LOR_RC _LXOR _LXOR_RC 
  _LMUL _LDIVS _LDIVS_LC _LDIVU _LDIVU_LC _LDIVU_RC _LMODS _LMODS_LC _LMODU 
  _LMODU_LC _LMODU_RC _LASR _LLSR _LLSL _LCMP _PUSH_ARGS_24 _ENTER_BINARY_24_RC 
  _ENTER_BINARY_24 _CMP24 _CMP24_RC _COPY _COPY_L _POP64 _STORE32 _STORE64 
  _SEXT8_32 _SEXT16_32 _CALL_STAR08 _CALL_STAR08_FAR _Jump_Table_Addr 
  _Jump_Table_Offset _Jump_Table_Header_Addr _Search_Table_16_Addr 
  _Search_Table_16_Offset _Search_Table_8_Addr _Search_Table_8_Offset _PUSH_CC 
  _POP_CC _CONV_FAR_TO_NEAR _CONV_FAR_TO_LINEAR _CONV_LINEAR_TO_FAR 
STDLIB.C.o (ansiis.lib):
  atexit getenv system mblen mbtowc wctomb mbstowcs wcstombs CheckCharWithBase 
  _strtoul strtoul _strtol strtol _itoa bsearch swap qsort div ldiv abs labs 
  srand 
ALLOC.C.o (ansiis.lib):
  free calloc realloc 
NOT USED VARIABLES
main.c.o:
  LEDS LEVEL1 
RTSHC08.C.o (ansiis.lib):
  _PowOfTwo_8 _PowOfTwo_16 _PowOfTwo_32 errno 
STDLIB.C.o (ansiis.lib):
  channels errno 

*********************************************************************************************
COPYDOWN SECTION
---------------------------------------------------------------------------------------------
------- ROM-ADDRESS: 0x1F8A ---- SIZE       4 ---
Filling bytes inserted
 00010103
------- ROM-ADDRESS: 0x1F8E ---- RAM-ADDRESS: 0x103 ---- SIZE       1 ---
Name of initialized Object : seed:3
 01
------- ROM-ADDRESS: 0x1F8F ---- SIZE       2 ---
Filling bytes inserted
 0000

*********************************************************************************************
OBJECT-DEPENDENCIES SECTION
---------------------------------------------------------------------------------------------
Init                      USES _startupData loadByte 
_Startup                  USES __SEG_END_SSTACK Init main 
LCDSend                   USES _PTED 
LCDCommand                USES _PTED msDelay _PTGD LCDSend 
LCDinit                   USES _PTGD _PTGDD _PTED _PTEDD msDelay LCDCommand 
config                    USES _PTFDD _PTADD 
symonSequency             USES rand _IMODS_STAR08 
showGame                  USES _Jump_Table_Header_Offset _PTFD 
main                      USES malloc LCDinit config symonSequency showGame 
_heapcrash_               USES _IDIVS_STAR08 
_ENTER_BINARY_L           USES _PUSH_ARGS_L 
_ENTER_BINARY_L_RC        USES _PUSH_ARGS_L 
_SPLITSIGN                USES _IDIVMOD 
_LMUL_k_is_k_mul_j        USES _k_is_k_plus_j_l _k_is_k_plus_j_i 
_ABS_L_HX                 USES _NEG_L_HX 
_SPLITSIGN_L              USES _ABS_L_HX 
_LMODS_k_is_k_mod_j       USES _SPLITSIGN_L _LDIVMOD _NEG_L_HX 
_LDIVS_k_is_k_div_j       USES _SPLITSIGN_L _LDIVMOD _NEG_L_HX 
_IDIVS_STAR08             USES _SPLITSIGN 
_IDIVU_STAR08             USES _IDIVMOD 
_IMODS_STAR08             USES _SPLITSIGN 
_LADD_RC                  USES _ENTER_BINARY_L_RC _LADD_k_is_k_plus_j 
_LSUB                     USES _ENTER_BINARY_L _LSUB_k_is_k_minus_j 
_LMUL_RC                  USES _ENTER_BINARY_L_RC _LMUL_k_is_k_mul_j 
_LDIVS_RC                 USES _ENTER_BINARY_L_RC _LDIVS_k_is_k_div_j 
_LMODS_RC                 USES _ENTER_BINARY_L_RC _LMODS_k_is_k_mod_j 
_LCMP_RC                  USES _ENTER_BINARY_L_RC _LCMP_k_rel_j 
rand                      USES seed _LDIVS_RC _POP32 _LMODS_RC _LMUL_RC _LSUB 
                                _LCMP_RC _LADD_RC 
malloc                    USES _IDIVU_STAR08 heap_end _heap_ free_ptr 
                                _IMUL_STAR08 malloc _heapcrash_ 

*********************************************************************************************
DEPENDENCY TREE
*********************************************************************************************
 main and _Startup Group
 | 
 +- main                
 |  | 
 |  +- malloc              
 |  |  | 
 |  |  +- _IDIVU_STAR08       
 |  |  |  | 
 |  |  |  +- _IDIVMOD            
 |  |  |       
 |  |  +- _IMUL_STAR08        
 |  |  |    
 |  |  +- _heapcrash_         
 |  |     | 
 |  |     +- _IDIVS_STAR08       
 |  |        | 
 |  |        +- _SPLITSIGN          
 |  |           | 
 |  |           +- _IDIVMOD             (see above)
 |  |              
 |  +- LCDinit             
 |  |  | 
 |  |  +- msDelay             
 |  |  |    
 |  |  +- LCDCommand          
 |  |     | 
 |  |     +- msDelay              (see above)
 |  |     |  
 |  |     +- LCDSend             
 |  |          
 |  +- config              
 |  |    
 |  +- symonSequency       
 |  |  | 
 |  |  +- rand                
 |  |  |  | 
 |  |  |  +- _LDIVS_RC           
 |  |  |  |  | 
 |  |  |  |  +- _ENTER_BINARY_L_RC  
 |  |  |  |  |  | 
 |  |  |  |  |  +- _PUSH_ARGS_L        
 |  |  |  |  |       
 |  |  |  |  +- _LDIVS_k_is_k_div_j 
 |  |  |  |     | 
 |  |  |  |     +- _SPLITSIGN_L        
 |  |  |  |     |  | 
 |  |  |  |     |  +- _ABS_L_HX           
 |  |  |  |     |     | 
 |  |  |  |     |     +- _NEG_L_HX           
 |  |  |  |     |          
 |  |  |  |     +- _LDIVMOD            
 |  |  |  |     |    
 |  |  |  |     +- _NEG_L_HX            (see above)
 |  |  |  |        
 |  |  |  +- _POP32              
 |  |  |  |    
 |  |  |  +- _LMODS_RC           
 |  |  |  |  | 
 |  |  |  |  +- _ENTER_BINARY_L_RC   (see above)
 |  |  |  |  |  
 |  |  |  |  +- _LMODS_k_is_k_mod_j 
 |  |  |  |     | 
 |  |  |  |     +- _SPLITSIGN_L         (see above)
 |  |  |  |     |  
 |  |  |  |     +- _LDIVMOD             (see above)
 |  |  |  |     |  
 |  |  |  |     +- _NEG_L_HX            (see above)
 |  |  |  |        
 |  |  |  +- _LMUL_RC            
 |  |  |  |  | 
 |  |  |  |  +- _ENTER_BINARY_L_RC   (see above)
 |  |  |  |  |  
 |  |  |  |  +- _LMUL_k_is_k_mul_j  
 |  |  |  |     | 
 |  |  |  |     +- _k_is_k_plus_j_l    
 |  |  |  |     |    
 |  |  |  |     +- _k_is_k_plus_j_i    
 |  |  |  |          
 |  |  |  +- _LSUB               
 |  |  |  |  | 
 |  |  |  |  +- _ENTER_BINARY_L     
 |  |  |  |  |  | 
 |  |  |  |  |  +- _PUSH_ARGS_L         (see above)
 |  |  |  |  |     
 |  |  |  |  +- _LSUB_k_is_k_minus_j
 |  |  |  |       
 |  |  |  +- _LCMP_RC            
 |  |  |  |  | 
 |  |  |  |  +- _ENTER_BINARY_L_RC   (see above)
 |  |  |  |  |  
 |  |  |  |  +- _LCMP_k_rel_j       
 |  |  |  |       
 |  |  |  +- _LADD_RC            
 |  |  |     | 
 |  |  |     +- _ENTER_BINARY_L_RC   (see above)
 |  |  |     |  
 |  |  |     +- _LADD_k_is_k_plus_j 
 |  |  |          
 |  |  +- _IMODS_STAR08       
 |  |     | 
 |  |     +- _SPLITSIGN           (see above)
 |  |        
 |  +- showGame            
 |     | 
 |     +- _Jump_Table_Header_Offset
 |          
 +- _Startup            
    | 
    +- Init                
    |  | 
    |  +- loadByte            
    |       
    +- main                 (see above)
       
*********************************************************************************************
STATISTIC SECTION
---------------------------------------------------------------------------------------------

ExeFile:
--------
Number of blocks to be downloaded: 3
Total size of all blocks to be downloaded: 1895

